≡ƒÜÇ Testing Advanced Article Scraper

================================================================================

≡ƒô░ TEST 1: Selular.id Article
--------------------------------------------------------------------------------
URL: https://selular.id/2025/01/cara-buat-dan-pakai-stiker-ai-ios-18-2/

[32m[Nest] 19136  - [39m20/01/2026, 03.21.56 [32m    LOG[39m [38;5;3m[AdvancedScraperService] [39m[32mScraping article: https://selular.id/2025/01/cara-buat-dan-pakai-stiker-ai-ios-18-2/[39m
node.exe : [31m[Nest] 19136  - 
[39m20/01/2026, 03.21.56 [31m  ERROR[39m 
[38;5;3m[AdvancedScraperService] 
[39m[31mFailed to scrape https://selular.id
/2025/01/cara-buat-dan-pakai-stiker-ai-ios-18
-2/: Request failed with status code 404[39m
At line:1 char:1
+ & "C:\nvm4w\nodejs/node.exe" 
"C:\nvm4w\nodejs/node_modules/npm/bin/np ...
+ ~~~~~~~~~~~~~~~~~~~~~~~~~~~~~~~~~~~~~~~~~~~
~~~~~~~~~~~~~~~~~~~~~~~~~~
    + CategoryInfo          : NotSpecified:  
   ([31m[Nest] 191...s code 404[39m:Strin  
  g) [], RemoteException
    + FullyQualifiedErrorId : NativeCommandE 
   rror
 
Γ¥î EXTRACTION FAILED
Error: Failed to scrape article: Request failed with status code 404

================================================================================

≡ƒô░ TEST 2: TechCrunch Article (Regression Test)
--------------------------------------------------------------------------------
URL: https://techcrunch.com/2025/01/17/how-claude-became-more-than-chatgpt/

[32m[Nest] 19136  - [39m20/01/2026, 03.21.56 [32m    LOG[39m [38;5;3m[AdvancedScraperService] [39m[32mScraping article: https://techcrunch.com/2025/01/17/how-claude-became-more-than-chatgpt/[39m
[31m[Nest] 19136  - [39m20/01/2026, 
03.21.57 [31m  ERROR[39m 
[38;5;3m[AdvancedScraperService] 
[39m[31mFailed to scrape https://techcrunch
.com/2025/01/17/how-claude-became-more-than-c
hatgpt/: Request failed with status code 
404[39m
Γ¥î EXTRACTION FAILED
Error: Failed to scrape article: Request failed with status code 404

================================================================================

≡ƒô░ TEST 3: Telset.id Article (Additional Test)
--------------------------------------------------------------------------------
URL: https://telset.id/news/ponsel-android-xiaomi-redmi-note-14-pro-plus-5g/

[32m[Nest] 19136  - [39m20/01/2026, 03.21.57 [32m    LOG[39m [38;5;3m[AdvancedScraperService] [39m[32mScraping article: https://telset.id/news/ponsel-android-xiaomi-redmi-note-14-pro-plus-5g/[39m
[31m[Nest] 19136  - [39m20/01/2026, 
03.22.04 [31m  ERROR[39m 
[38;5;3m[AdvancedScraperService] 
[39m[31mFailed to scrape https://telset.id/
news/ponsel-android-xiaomi-redmi-note-14-pro-
plus-5g/: Request failed with status code 
404[39m
Γ¥î EXTRACTION FAILED
Error: Failed to scrape article: Request failed with status code 404

================================================================================

Γ£¿ Testing Complete!

≡ƒÄë All tests finished successfully!
