≡ƒÜÇ Testing Advanced Article Scraper

================================================================================

≡ƒô░ TEST 1: Selular.id Article
--------------------------------------------------------------------------------
URL: https://selular.id/2026/01/moto-watch-hadir-23-januari-bawa-fitur-polar-fitness/

[32m[Nest] 20632  - [39m20/01/2026, 03.20.43 [32m    LOG[39m [38;5;3m[AdvancedScraperService] [39m[32mScraping article: https://selular.id/2026/01/moto-watch-hadir-23-januari-bawa-fitur-polar-fitness/[39m
node.exe : Could not parse CSS stylesheet
At line:1 char:1
+ & "C:\nvm4w\nodejs/node.exe" 
"C:\nvm4w\nodejs/node_modules/npm/bin/np ...
+ ~~~~~~~~~~~~~~~~~~~~~~~~~~~~~~~~~~~~~~~~~~~
~~~~~~~~~~~~~~~~~~~~~~~~~~
    + CategoryInfo          : NotSpecified:  
   (Could not parse CSS stylesheet:String)   
  [], RemoteException
    + FullyQualifiedErrorId : NativeCommandE 
   rror
 
Could not parse CSS stylesheet
Could not parse CSS stylesheet
Could not parse CSS stylesheet
[32m[Nest] 20632  - [39m20/01/2026, 03.20.45 [32m    LOG[39m [38;5;3m[AdvancedScraperService] [39m[32mΓ£à Tier 1 (Readability) succeeded for https://selular.id/2026/01/moto-watch-hadir-23-januari-bawa-fitur-polar-fitness/[39m
Γ£à EXTRACTION SUCCESSFUL!
≡ƒôè Tier Used: 1 (1=Readability, 2=Heuristics, 3=Selectors)
≡ƒô¥ Title: Moto Watch Hadir 23 Januari Bawa Fitur Polar Fitness
≡ƒôÅ Content Length: 1928 characters
≡ƒôä Word Count: ~273 words
≡ƒû╝∩╕Å  Images Found: 1
≡ƒæñ Author: Yuni Riadi
≡ƒôà Published: 2026-01-18T23:00:44+07:00

≡ƒôû Content Preview (first 300 chars):
"Selular.ID ΓÇô Setelah memamerkan di CES 2026 awal bulan ini.Motorola bakal meluncurkan Moto Watch di India pada 23 Januari bersamaan dengan smartphone Motorola Signature.
Motorola bermitra dengan Polar, perusahaan bergerak di bidang pendidikan olahraga, untuk fitur kebugaran.
Jam tangan ini melacak l..."

================================================================================

≡ƒô░ TEST 2: TechCrunch Article (Regression Test)
--------------------------------------------------------------------------------
URL: https://techcrunch.com/2026/01/18/how-the-biggest-tech-trends-of-2025-will-change-in-2026/

[32m[Nest] 20632  - [39m20/01/2026, 03.20.45 [32m    LOG[39m [38;5;3m[AdvancedScraperService] [39m[32mScraping article: https://techcrunch.com/2026/01/18/how-the-biggest-tech-trends-of-2025-will-change-in-2026/[39m
[31m[Nest] 20632  - [39m20/01/2026, 
03.20.45 [31m  ERROR[39m 
[38;5;3m[AdvancedScraperService] 
[39m[31mFailed to scrape https://techcrunch
.com/2026/01/18/how-the-biggest-tech-trends-o
f-2025-will-change-in-2026/: Request failed 
with status code 404[39m
Γ¥î EXTRACTION FAILED
Error: Failed to scrape article: Request failed with status code 404

================================================================================

≡ƒô░ TEST 3: Telset.id Article (Additional Test)
--------------------------------------------------------------------------------
URL: https://telset.id/news/hp-samsung-galaxy-s25-ultra-2026/

[32m[Nest] 20632  - [39m20/01/2026, 03.20.45 [32m    LOG[39m [38;5;3m[AdvancedScraperService] [39m[32mScraping article: https://telset.id/news/hp-samsung-galaxy-s25-ultra-2026/[39m
[31m[Nest] 20632  - [39m20/01/2026, 
03.20.45 [31m  ERROR[39m 
[38;5;3m[AdvancedScraperService] 
[39m[31mFailed to scrape https://telset.id/
news/hp-samsung-galaxy-s25-ultra-2026/: 
Request failed with status code 404[39m
Γ¥î EXTRACTION FAILED
Error: Failed to scrape article: Request failed with status code 404

================================================================================

Γ£¿ Testing Complete!

≡ƒÄë All tests finished successfully!
